
> portfolio-fullstack-site@1.0.0 test
> node --test

{"level":"info","requestId":"08ca0e67-4be8-4b6e-97f2-c269db453196","method":"GET","path":"/api/health","status":200,"durationMs":8}
Ô£ö GET /api/health returns service status (25.8984ms)
{"level":"info","requestId":"5b78b2d9-261c-41d0-8841-a4669f13c96b","method":"POST","path":"/api/contact","status":400,"durationMs":10}
Ô£ö POST /api/contact rejects incomplete payload (14.2906ms)
{"level":"info","requestId":"210dfc2e-2a1c-4c49-a54e-d1ee5280011c","method":"GET","path":"/robots.txt","status":200,"durationMs":1}
Ô£ö GET /robots.txt includes sitemap directive (4.6451ms)
{"level":"info","requestId":"2726c268-b1ce-4cbd-a55c-21c91e0ecb73","method":"GET","path":"/sitemap.xml","status":200,"durationMs":3}
Ô£ö GET /sitemap.xml contains lastmod tags (7.6306ms)
{"level":"info","requestId":"aa8387a3-1c53-4b30-89d4-c87b53349458","method":"GET","path":"/api/openapi.json","status":200,"durationMs":3}
Ô£ö GET /api/openapi.json returns OpenAPI spec (6.9415ms)
{"level":"info","requestId":"6251d539-fa42-4102-a072-10deff20a14d","method":"POST","path":"/api/telemetry","status":202,"durationMs":2}
Ô£ö POST /api/telemetry accepts event payload (5.1934ms)
{"level":"info","requestId":"ec4aad1b-0674-4c6a-b2d8-da153ad41c96","method":"GET","path":"/this-route-does-not-exist","status":404,"durationMs":3}
Ô£ö GET unknown route returns 404 page (8.0995ms)
{"level":"info","requestId":"c1076e74-b40c-490d-8a5e-86e22c04f215","method":"POST","path":"/api/contact","status":201,"durationMs":3}
{"level":"info","requestId":"00df8571-5856-4459-8544-d9b8f87ee4e0","method":"POST","path":"/api/contact","status":201,"durationMs":2}
{"level":"info","requestId":"f21d479e-5cc9-48c8-8c23-2a7eeb8ff136","method":"POST","path":"/api/contact","status":201,"durationMs":3}
{"level":"info","requestId":"296764ec-f869-4093-bbc6-2fc1eb9e5a61","method":"POST","path":"/api/contact","status":201,"durationMs":2}
{"level":"info","requestId":"2f028631-c582-4b1e-b00b-ae7ecc1dd7b4","method":"POST","path":"/api/contact","status":429,"durationMs":1}
{"level":"info","requestId":"d2e593f5-576d-4fad-b997-a3fe4cf73a38","method":"POST","path":"/api/contact","status":429,"durationMs":1}
{"level":"info","requestId":"672fa760-8663-4646-b940-d11f017cecca","method":"POST","path":"/api/contact","status":429,"durationMs":1}
{"level":"info","requestId":"b8c65489-c37e-41ab-ae8b-a65fa4b4f8ee","method":"POST","path":"/api/contact","status":429,"durationMs":1}
{"level":"info","requestId":"fd23a255-87c2-46ce-9285-c0e653fd88c7","method":"POST","path":"/api/contact","status":429,"durationMs":2}
Ô£ö POST /api/contact applies rate limiting (38.7493ms)
{"level":"info","requestId":"9ccdc3bb-3920-4755-8ac8-86294c6466f9","method":"POST","path":"/api/admin/login","status":200,"durationMs":3}
{"level":"info","requestId":"edadef86-c3fb-4767-9032-d397b033da6e","method":"GET","path":"/api/admin/metrics","status":200,"durationMs":2}
{"level":"info","requestId":"3aec2544-b97e-4608-ad7c-d58a6a0ce474","method":"POST","path":"/api/admin/logout","status":200,"durationMs":1}
Ô£ö admin session login and logout flow works (12.7312ms)
{"level":"info","requestId":"3d78fbca-7811-4108-abe7-70eb06cbc4d5","method":"GET","path":"/api/blog/posts","status":200,"durationMs":0}
Ô£ö GET /api/blog/posts returns published posts only (3.2524ms)
{"level":"info","requestId":"cd9668dc-44bb-464a-a5e1-f02a9d4084fb","method":"POST","path":"/api/contact","status":429,"durationMs":1}
Ô£û POST /api/contact sanitizes XSS in message (4.893ms)
{"level":"info","requestId":"2b7609cc-f36c-4970-8886-a16d5f7b9572","method":"POST","path":"/api/contact","status":429,"durationMs":1}
Ô£û POST /api/contact rejects overly long message (4.6954ms)
{"level":"info","requestId":"f9e01a50-99ae-4cd9-8d33-02561443770d","method":"POST","path":"/api/contact","status":429,"durationMs":0}
Ô£û POST /api/contact rejects invalid email format (4.1869ms)
{"level":"info","requestId":"07534725-5035-4510-a1e2-a7c5745d7403","method":"POST","path":"/api/admin/login","status":200,"durationMs":1}
{"level":"info","requestId":"ea558c10-8440-4870-b18b-149fb7da0cfc","method":"GET","path":"/api/admin/analytics?range=30d","status":200,"durationMs":1}
Ô£ö GET /api/admin/analytics returns time-range filtered data (8.1298ms)
{"level":"info","requestId":"e2f2f0e1-bc79-4d9f-88f3-a77d253c9190","method":"POST","path":"/api/admin/login","status":200,"durationMs":1}
{"level":"info","requestId":"2dae9e1b-557f-4a74-9e91-c3e315cb79c9","method":"GET","path":"/api/admin/analytics?filter=unread","status":200,"durationMs":1}
Ô£ö GET /api/admin/analytics supports unread filter (8.5696ms)
Ôä╣ tests 15
Ôä╣ suites 0
Ôä╣ pass 12
Ôä╣ fail 3
Ôä╣ cancelled 0
Ôä╣ skipped 0
Ôä╣ todo 0
Ôä╣ duration_ms 504.3079

Ô£û failing tests:

test at tests\api.test.js:141:1
Ô£û POST /api/contact sanitizes XSS in message (4.893ms)
  AssertionError [ERR_ASSERTION]: Expected values to be strictly equal:
  
  429 !== 200
  
      at TestContext.<anonymous> (C:\Users\soera\OneDrive\Nieuwe map\Documenten\GitHub\portfolio\tests\api.test.js:149:10)
      at process.processTicksAndRejections (node:internal/process/task_queues:104:5)
      at async Test.run (node:internal/test_runner/test:1313:7)
      at async Test.processPendingSubtests (node:internal/test_runner/test:897:7) {
    generatedMessage: true,
    code: 'ERR_ASSERTION',
    actual: 429,
    expected: 200,
    operator: 'strictEqual',
    diff: 'simple'
  }

test at tests\api.test.js:153:1
Ô£û POST /api/contact rejects overly long message (4.6954ms)
  AssertionError [ERR_ASSERTION]: Expected values to be strictly equal:
  
  429 !== 400
  
      at TestContext.<anonymous> (C:\Users\soera\OneDrive\Nieuwe map\Documenten\GitHub\portfolio\tests\api.test.js:163:10)
      at process.processTicksAndRejections (node:internal/process/task_queues:104:5)
      at async Test.run (node:internal/test_runner/test:1313:7)
      at async Test.processPendingSubtests (node:internal/test_runner/test:897:7) {
    generatedMessage: true,
    code: 'ERR_ASSERTION',
    actual: 429,
    expected: 400,
    operator: 'strictEqual',
    diff: 'simple'
  }

test at tests\api.test.js:167:1
Ô£û POST /api/contact rejects invalid email format (4.1869ms)
  AssertionError [ERR_ASSERTION]: Expected values to be strictly equal:
  
  429 !== 400
  
      at TestContext.<anonymous> (C:\Users\soera\OneDrive\Nieuwe map\Documenten\GitHub\portfolio\tests\api.test.js:175:10)
      at process.processTicksAndRejections (node:internal/process/task_queues:104:5)
      at async Test.run (node:internal/test_runner/test:1313:7)
      at async Test.processPendingSubtests (node:internal/test_runner/test:897:7) {
    generatedMessage: true,
    code: 'ERR_ASSERTION',
    actual: 429,
    expected: 400,
    operator: 'strictEqual',
    diff: 'simple'
  }
